// Jest Snapshot v1, https://goo.gl/fbAQLP

exports[`should render Home 1`] = `
<div>
  <div>
    <h2>
      Please sign the guestbook!
    </h2>
    <form>
      <div
        class="nameinput"
      >
        <label
          for="username"
        >
          Your Name
        </label>
        <input
          id="username"
          placeholder="name"
          type="text"
          value=""
        />
      </div>
      <label
        for="guest-entry"
      >
        Guest Entry
      </label>
      <textarea
        id="guest-entry"
        placeholder="Your message"
      />
      <button
        type="submit"
      >
        Sign
      </button>
      
    </form>
    <ul />
  </div>
</div>
`;
