// Jest Snapshot v1, https://goo.gl/fbAQLP

exports[`should render Home 1`] = `
<div>
   
  <div>
    <form>
      <label
        for="guest-entry"
      >
        Your Entry
      </label>
      <textarea
        id="guest-entry"
        placeholder="Type your entry here."
      />
      <button
        type="submit"
      >
        Add Entry to Guestbook
      </button>
    </form>
    <ul />
  </div>
   
</div>
`;
